[search.shopping.naver.com/search/category/100005025.html]
[backblue.gif]
[fade.gif]
[index.html]
[ssl.pstatic.net/imgshopping/static/mo2014/icon/og_shopping_v2.png]
[ssl.pstatic.net/shoppingsearch/static/pc/pc-220207-151308/_next/static/css/1f3ecfac5d05d6772174.css]
[ssl.pstatic.net/shoppingsearch/static/pc/pc-220207-151308/_next/static/css/c041bb4578c12110eaa7.css]
[ssl.pstatic.net/shoppingsearch/static/pc/pc-220207-151308/_next/static/css/50f6f3525fa14b2649be.css]
[ssl.pstatic.net/shoppingsearch/static/pc/pc-220207-151308/_next/static/css/c0875b40dd408fa272a9.css]
[ssl.pstatic.net/shoppingsearch/static/pc/pc-220207-151308/_next/static/css/cfa7551fddb5e25618e8.css]
[ssl.pstatic.net/shoppingsearch/static/pc/pc-220207-151308/_next/static/chunks/polyfills-49fbfeb2e55439fea737.js]
[ssl.pstatic.net/shoppingsearch/static/pc/pc-220207-151308/_next/static/chunks/9987.435ceddee4086fb858fa.js]
[ssl.pstatic.net/shoppingsearch/static/pc/pc-220207-151308/_next/static/chunks/2371.1c394f9523991c09339f.js]
[ssl.pstatic.net/shoppingsearch/static/pc/pc-220207-151308/_next/static/chunks/5567.141bff75f45411a3eb2c.js]
[ssl.pstatic.net/shoppingsearch/static/pc/pc-220207-151308/_next/static/chunks/webpack-18cc1783b347a086cc6d.js]
[ssl.pstatic.net/shoppingsearch/static/pc/pc-220207-151308/_next/static/chunks/framework-730d858f1f84572cae79.js]
[ssl.pstatic.net/shoppingsearch/static/pc/pc-220207-151308/_next/static/chunks/main-adc92344182d0ca90bb6.js]
[ssl.pstatic.net/shoppingsearch/static/pc/pc-220207-151308/_next/static/chunks/pages/_app-f3efba86f06091743b3a.js]
[ssl.pstatic.net/shoppingsearch/static/pc/pc-220207-151308/_next/static/chunks/7176-5b53f8d80adca1463cf6.js]
[ssl.pstatic.net/shoppingsearch/static/pc/pc-220207-151308/_next/static/chunks/3401-d43a8c296a29b09ca3e8.js]
[ssl.pstatic.net/shoppingsearch/static/pc/pc-220207-151308/_next/static/chunks/8503-775a630c33fff9bb8860.js]
[ssl.pstatic.net/shoppingsearch/static/pc/pc-220207-151308/_next/static/chunks/9338-f8f9aceb0df838e0f1ab.js]
[ssl.pstatic.net/shoppingsearch/static/pc/pc-220207-151308/_next/static/chunks/5155-74a15cea2dd498094aad.js]
[ssl.pstatic.net/shoppingsearch/static/pc/pc-220207-151308/_next/static/chunks/pages/search/category/[categoryId]-3223f02f6d334be8498b.js]
[ssl.pstatic.net/shoppingsearch/static/pc/pc-220207-151308/_next/static/G-OIDDIGfwR7ijqwkIKKL/_buildManifest.js]
[ssl.pstatic.net/shoppingsearch/static/pc/pc-220207-151308/_next/static/G-OIDDIGfwR7ijqwkIKKL/_ssgManifest.js]
[search.shopping.naver.com/search/category/100005025.html]
[ssl.pstatic.net/shoppingsearch/static/pc/pc-220207-151308/_next/static/media/bg_gheader.3e2277ae9f57f046b24649bd18aaaefc.jpg]
[ssl.pstatic.net/shoppingsearch/static/pc/pc-220207-151308/_next/static/css/1f3ecfac5d05d6772174.css]
[ssl.pstatic.net/shoppingsearch/static/pc/pc-220207-151308/img/sprite/png/spSearch.png]
[ssl.pstatic.net/shoppingsearch/static/pc/pc-220207-151308/_next/static/css/c041bb4578c12110eaa7.css]
[ssl.pstatic.net/shoppingsearch/static/pc/pc-220207-151308/_next/static/css/50f6f3525fa14b2649be.css]
[ssl.pstatic.net/shoppingsearch/static/pc/pc-220207-151308/_next/static/css/c0875b40dd408fa272a9.css]
[ssl.pstatic.net/shoppingsearch/static/pc/pc-220207-151308/_next/static/css/cfa7551fddb5e25618e8.css]
